[15:08:15] 
[greenhouse_api] ── Starting API application ──
[15:08:15] [greenhouse_api] URL: https://job-boards.greenhouse.io/scoutmotors/jobs/5128323007
[15:08:15] [greenhouse_api] Board token: scoutmotors  |  Job ID: 5128323007
[15:08:15] [greenhouse_api] Fetched 33 questions
[15:08:15] [greenhouse_api] Generated cover letter (251 chars)
[15:08:15] [greenhouse_api] ⚠  Unanswered question: 'Please provide a link to your personal or professional website (optional).' (type: input_text)
[15:08:15] [greenhouse_api] ⚠  Unanswered select: 'What are your gender pronouns?' — using first option
[15:08:15] [greenhouse_api] ⚠  Unanswered question: 'Please list any relevant professional certifications and/or licenses you currently hold.' (type: textarea)
[15:08:15] [greenhouse_api] ⚠  Unanswered select: 'Do you have experience in manufacturing, OEM, Tier I supplier, or automotive industries?' — using first option
[15:08:15] [greenhouse_api] ⚠  Unanswered select: 'Which Scout Motors location are you closest to?' — using first option
[15:08:15] [greenhouse_api] ⚠  Unanswered select: 'Where did you hear about this role?' — using first option
[15:08:15] [greenhouse_api] ⚠  Unanswered question: 'Are you subject to any restriction that could prevent or limit your ability to work for Scout Motors (e.g., non-compete agreement with your former employer)? ' (type: input_text)
[15:08:15] [greenhouse_api] Mapped 35 answers:
[15:08:15]   first_name                               → Nandan
[15:08:15]   last_name                                → Pullakandam
[15:08:15]   preferred_name                           → Nandan
[15:08:15]   email                                    → nandanpu@unc.edu
[15:08:15]   phone                                    → 7046251688
[15:08:15]   cover_letter                             → I'm excited to apply for the Sr Software Engineer (iOS) – Di...
[15:08:15]   cover_letter_text                        → I'm excited to apply for the Sr Software Engineer (iOS) – Di...
[15:08:15]   question_11949829007                     → www.linkedin.com/in/nandan-pullakandam
[15:08:15]   question_11949831007                     → Nandan
[15:08:15]   question_11949832007                     → 27925801007
[15:08:15]   question_11949835007                     → 1
[15:08:15]   question_11949836007                     → 1
[15:08:15]   question_11949837007                     → 27925828007
[15:08:15]   question_11949841007                     → 1
[15:08:15]   question_11949842007                     → 1
[15:08:15]   question_11949849007                     → 27925862007
[15:08:15]   question_11949850007                     → Charlotte
[15:08:15]   question_11949851007                     → 27925869007
[15:08:15]   question_11949852007                     → 27925921007
[15:08:15]   question_11949853007                     → 
[15:08:15]   question_11949854007                     → 1
[15:08:15]   question_11949855007                     → 1
[15:08:15]   question_11949856007                     → 1
[15:08:15]   question_11949857007                     → 0
[15:08:15]   question_11949858007                     → 0
[15:08:15]   question_11949859007                     → 
[15:08:15]   question_11949860007                     → 0
[15:08:15]   question_11949861007                     → 
[15:08:15]   question_11949862007                     → 1
[15:08:15]   question_11949864007                     → No
[15:08:15]   gender                                   → 3
[15:08:15]   race                                     → 10
[15:08:15]   veteran_status                           → 1
[15:08:15]   disability_status                        → 2
[15:08:15]   job_id                                   → 5128323007
[15:08:15] [greenhouse_api] 🔍 DRY RUN — payload built, not submitting
