[14:05:36] 
=================================================================
[14:05:36] [orchestrator] Mode: SUBMIT
[14:05:36] =================================================================

[14:05:36] [orchestrator] URL: https://startup.jobs/apply/9a344fd5-04d7-4c33-902a-1e58ae5ca2a9
[14:05:36] [orchestrator] Profile: Nandan Pullakandam <nandanpu@unc.edu>
[14:05:36] [orchestrator] Resume: /Users/nandanpullakandam/Nandan_Pullakandam_Resume.pdf
[14:05:36] [orchestrator] Detected ATS: UNKNOWN
[14:05:36] [orchestrator] Routing to: apply_engine_scrapfly
[14:08:02] [orchestrator] ❌ Filler raised: Locator.scroll_into_view_if_needed: Timeout 29996ms exceeded.
Call log:
attempting scroll into view action
  -   waiting for element to be stable
  -   element is not visible
  - retrying scroll into view action, attempt #1
  -   waiting for element to be stable
  -   element is not visible
  - retrying scroll into view action, attempt #2
  -   waiting 20ms
  -   waiting for element to be stable
  -   element is not visible
  - retrying scroll into view action, attempt #3
  -   waiting 100ms
  -   waiting for element to be stable
  -   element is not visible
  - retrying scroll into view action, attempt #4
  -   waiting 100ms
  -   waiting for element to be stable
  -   element is not visible
  - retrying scroll into view action, attempt #5
  -   waiting 500ms
  -   waiting for element to be stable
  -   element is not visible
  - retrying scroll into view action, attempt #6
  -   waiting 500ms
  -   waiting for element to be stable
  -   element is not visible
  - retrying scroll into view action, attempt #7
  -   waiting 500ms
  -   waiting for element to be stable
  -   element is not visible
  - retrying scroll into view action, attempt #8
  -   waiting 500ms
  -   waiting for element to be stable
  -   element is not visible
  - retrying scroll into view action, attempt #9
  -   waiting 500ms
  -   waiting for element to be stable
  -   element is not visible
  - retrying scroll into view action, attempt #10
  -   waiting 500ms
  -   waiting for element to be stable
  -   element is not visible
  - retrying scroll into view action, attempt #11
  -   waiting 500ms
  -   waiting for element to be stable
  -   element is not visible
  - retrying scroll into view action, attempt #12
  -   waiting 500ms
  -   waiting for element to be stable
  -   element is not visible
  - retrying scroll into view action, attempt #13
  -   waiting 500ms
  -   waiting for element to be stable
  -   element is not visible
  - retrying scroll into view action, attempt #14
  -   waiting 500ms
  -   waiting for element to be stable
  -   element is not visible
  - retrying scroll into view action, attempt #15
  -   waiting 500ms
  -   waiting for element to be stable
  -   element is not visible
  - retrying scroll into view action, attempt #16
  -   waiting 500ms
  -   waiting for element to be stable
  -   element is not visible
  - retrying scroll into view action, attempt #17
  -   waiting 500ms
  -   waiting for element to be stable
  -   element is not visible
  - retrying scroll into view action, attempt #18
  -   waiting 500ms
  -   waiting for element to be stable
  -   element is not visible
  - retrying scroll into view action, attempt #19
  -   waiting 500ms
  -   waiting for element to be stable
  -   element is not visible
  - retrying scroll into view action, attempt #20
  -   waiting 500ms
  -   waiting for element to be stable
  -   element is not visible
  - retrying scroll into view action, attempt #21
  -   waiting 500ms
  -   waiting for element to be stable
  -   element is not visible
  - retrying scroll into view action, attempt #22
  -   waiting 500ms
  -   waiting for element to be stable
  -   element is not visible
  - retrying scroll into view action, attempt #23
  -   waiting 500ms
  -   waiting for element to be stable
  -   element is not visible
  - retrying scroll into view action, attempt #24
  -   waiting 500ms
  -   waiting for element to be stable
  -   element is not visible
  - retrying scroll into view action, attempt #25
  -   waiting 500ms
  -   waiting for element to be stable
  -   element is not visible
  - retrying scroll into view action, attempt #26
  -   waiting 500ms
  -   waiting for element to be stable
  -   element is not visible
  - retrying scroll into view action, attempt #27
  -   waiting 500ms
  -   waiting for element to be stable
  -   element is not visible
  - retrying scroll into view action, attempt #28
  -   waiting 500ms
  -   waiting for element to be stable
  -   element is not visible
  - retrying scroll into view action, attempt #29
  -   waiting 500ms
  -   waiting for element to be stable
  -   element is not visible
  - retrying scroll into view action, attempt #30
  -   waiting 500ms
  -   waiting for element to be stable
  -   element is not visible
  - retrying scroll into view action, attempt #31
  -   waiting 500ms
  -   waiting for element to be stable
  -   element is not visible
  - retrying scroll into view action, attempt #32
  -   waiting 500ms
  -   waiting for element to be stable
  -   element is not visible
  - retrying scroll into view action, attempt #33
  -   waiting 500ms
  -   waiting for element to be stable
  -   element is not visible
  - retrying scroll into view action, attempt #34
  -   waiting 500ms
  -   waiting for element to be stable
  -   element is not visible
  - retrying scroll into view action, attempt #35
  -   waiting 500ms
  -   waiting for element to be stable
  -   element is not visible
  - retrying scroll into view action, attempt #36
  -   waiting 500ms
  -   waiting for element to be stable
  -   element is not visible
  - retrying scroll into view action, attempt #37
  -   waiting 500ms
  -   waiting for element to be stable
  -   element is not visible
  - retrying scroll into view action, attempt #38
  -   waiting 500ms
  -   waiting for element to be stable
  -   element is not visible
  - retrying scroll into view action, attempt #39
  -   waiting 500ms
  -   waiting for element to be stable
  -   element is not visible
  - retrying scroll into view action, attempt #40
  -   waiting 500ms
  -   waiting for element to be stable
  -   element is not visible
  - retrying scroll into view action, attempt #41
  -   waiting 500ms
  -   waiting for element to be stable
  -   element is not visible
  - retrying scroll into view action, attempt #42
  -   waiting 500ms
  -   waiting for element to be stable
  -   element is not visible
  - retrying scroll into view action, attempt #43
  -   waiting 500ms
  -   waiting for element to be stable
  -   element is not visible
  - retrying scroll into view action, attempt #44
  -   waiting 500ms
  -   waiting for element to be stable
  -   element is not visible
  - retrying scroll into view action, attempt #45
  -   waiting 500ms
  -   waiting for element to be stable
  -   element is not visible
  - retrying scroll into view action, attempt #46
  -   waiting 500ms
  -   waiting for element to be stable
  -   element is not visible
  - retrying scroll into view action, attempt #47
  -   waiting 500ms
  -   waiting for element to be stable
  -   element is not visible
  - retrying scroll into view action, attempt #48
  -   waiting 500ms
  -   waiting for element to be stable
  -   element is not visible
  - retrying scroll into view action, attempt #49
  -   waiting 500ms
  -   waiting for element to be stable
  -   element is not visible
  - retrying scroll into view action, attempt #50
  -   waiting 500ms
  -   waiting for element to be stable
  -   element is not visible
  - retrying scroll into view action, attempt #51
  -   waiting 500ms
  -   waiting for element to be stable
  -   element is not visible
  - retrying scroll into view action, attempt #52
  -   waiting 500ms
  -   waiting for element to be stable
  -   element is not visible
  - retrying scroll into view action, attempt #53
  -   waiting 500ms
  -   waiting for element to be stable
  -   element is not visible
  - retrying scroll into view action, attempt #54
  -   waiting 500ms
  -   waiting for element to be stable
  -   element is not visible
  - retrying scroll into view action, attempt #55
  -   waiting 500ms
  -   waiting for element to be stable
  -   element is not visible
  - retrying scroll into view action, attempt #56
  -   waiting 500ms
  -   waiting for element to be stable
  -   element is not visible
  - retrying scroll into view action, attempt #57
  -   waiting 500ms
  -   waiting for element to be stable
  -   element is not visible
  - retrying scroll into view action, attempt #58
  -   waiting 500ms
  -   waiting for element to be stable
  -   element is not visible
  - retrying scroll into view action, attempt #59
  -   waiting 500ms
  -   waiting for element to be stable
  -   element is not visible
  - retrying scroll into view action, attempt #60
  -   waiting 500ms
  -   waiting for element to be stable
  -   element is not visible
  - retrying scroll into view action, attempt #61
  -   waiting 500ms

