[15:04:20] 
[greenhouse_api] ── Starting API application ──
[15:04:20] [greenhouse_api] URL: https://job-boards.greenhouse.io/scoutmotors/jobs/5128323007
[15:04:20] [greenhouse_api] Board token: scoutmotors  |  Job ID: 5128323007
[15:04:20] [greenhouse_api] Fetched 33 questions
[15:04:20] [greenhouse_api] Generated cover letter (251 chars)
[15:04:20] [greenhouse_api] ⚠  Unanswered question: 'Preferred First Name' (type: input_text)
[15:04:20] [greenhouse_api] ⚠  Unanswered question: 'Resume/CV' (type: input_file)
[15:04:20] [greenhouse_api] ⚠  Unanswered question: 'Resume/CV' (type: textarea)
[15:04:20] [greenhouse_api] ⚠  Unanswered question: 'Please provide a link to your personal or professional website (optional).' (type: input_text)
[15:04:20] [greenhouse_api] ⚠  Unanswered question: 'What is your preferred name?' (type: input_text)
[15:04:20] [greenhouse_api] ⚠  Unanswered question: 'What are your gender pronouns?' (type: multi_value_single_select)
[15:04:20] [greenhouse_api] ⚠  Unanswered question: 'Please list any relevant professional certifications and/or licenses you currently hold.' (type: textarea)
[15:04:20] [greenhouse_api] ⚠  Unanswered question: 'Do you have experience in manufacturing, OEM, Tier I supplier, or automotive industries?' (type: multi_value_single_select)
[15:04:20] [greenhouse_api] ⚠  Unanswered question: 'What is the highest level of education you have completed?' (type: multi_value_single_select)
[15:04:20] [greenhouse_api] ⚠  Unanswered question: 'This role requires on-site work, including attendance at in-person meetings or events, as outlined in the job description on an as-needed basis. Are you able to meet the on-site requirements for this role?' (type: multi_value_single_select)
[15:04:20] [greenhouse_api] ⚠  Unanswered question: 'Which Scout Motors location are you closest to?' (type: multi_value_single_select)
[15:04:20] [greenhouse_api] ⚠  Unanswered question: 'What is your current location: city?' (type: input_text)
[15:04:20] [greenhouse_api] ⚠  Unanswered question: 'What is your current state of residence?' (type: multi_value_single_select)
[15:04:20] [greenhouse_api] ⚠  Unanswered question: 'Where did you hear about this role?' (type: multi_value_single_select)
[15:04:20] [greenhouse_api] ⚠  Unanswered question: 'If referred, please list the name of the person who referred you. ' (type: input_text)
[15:04:20] [greenhouse_api] ⚠  Unanswered question: 'Do you currently work for Scout Motors? ' (type: multi_value_single_select)
[15:04:20] [greenhouse_api] ⚠  Unanswered question: 'Are you currently employed by, or have you previously been employed by, Volkswagen Group or any of its subsidiaries, including but not limited to Scout Motors, Audi, Porsche, Bentley, Ducati, CUPRA, SEAT, or ŠKODA?' (type: multi_value_single_select)
[15:04:20] [greenhouse_api] ⚠  Unanswered question: 'If Yes, please specify which Volkswagen Group company and dates of employment' (type: input_text)
[15:04:20] [greenhouse_api] ⚠  Unanswered question: 'Do you have any professional or personal connections to individuals currently employed by Scout Motors or any of its subsidiaries or related entities (for example, Volkswagen Group companies), including relationships as a colleague, friend, or family member?' (type: multi_value_single_select)
[15:04:20] [greenhouse_api] ⚠  Unanswered question: 'If Yes, please provide name(s) of individual(s) and your relationship to them.' (type: input_text)
[15:04:20] [greenhouse_api] ⚠  Unanswered question: 'I confirm that the information I have provided in my application and resume is true, complete, and accurate to the best of my knowledge. I understand that any false, misleading, or omitted information may result in disqualification from consideration, withdrawal of an offer, or termination of employment if already hired.

I also understand that any offer of employment is contingent upon the successful completion of pre-employment screening, which may include background checks, verifications, drug test, and other job-related requirements in accordance with applicable law.' (type: multi_value_single_select)
[15:04:20] [greenhouse_api] ⚠  Unanswered question: 'Are you subject to any restriction that could prevent or limit your ability to work for Scout Motors (e.g., non-compete agreement with your former employer)? ' (type: input_text)
[15:04:20] [greenhouse_api] ⚠  Unanswered question: 'Do you have any conflicts of interest that could affect your ability to perform the duties of the role you are applying for at Scout Motors, including financial interests held by you or your immediate family in competitors, vendors, or clients relevant to this role, or any personal or professional relationships that could create a conflict? Please describe any such conflicts.' (type: textarea)
[15:04:20] [greenhouse_api] Mapped 17 answers:
[15:04:20]   first_name                               → Nandan
[15:04:20]   last_name                                → Pullakandam
[15:04:20]   email                                    → nandanpu@unc.edu
[15:04:20]   phone                                    → 7046251688
[15:04:20]   cover_letter                             → I'm excited to apply for the Sr Software Engineer (iOS) – Di...
[15:04:20]   cover_letter_text                        → I'm excited to apply for the Sr Software Engineer (iOS) – Di...
[15:04:20]   question_11949829007                     → www.linkedin.com/in/nandan-pullakandam
[15:04:20]   question_11949836007                     → 1
[15:04:20]   question_11949842007                     → 100000
[15:04:20]   question_11949854007                     → Yes
[15:04:20]   question_11949855007                     → No
[15:04:20]   question_11949856007                     → No
[15:04:20]   gender                                   → 3
[15:04:20]   race                                     → 10
[15:04:20]   veteran_status                           → 1
[15:04:20]   disability_status                        → 2
[15:04:20]   job_id                                   → 5128323007
[15:04:20] [greenhouse_api] 🔍 DRY RUN — payload built, not submitting
