[13:12:21] 
=================================================================
[13:12:21] [orchestrator] Mode: DRY RUN
[13:12:21] =================================================================

[13:12:21] [orchestrator] URL: https://caixamagica.hire.trakstar.com/jobs/fk0zv84/?apply=true&utm_source=startup.jobs
[13:12:21] [orchestrator] Profile: Nandan Pullakandam <nandanpu@unc.edu>
[13:12:21] [orchestrator] Resume: /Users/nandanpullakandam/Nandan_Pullakandam_Resume.pdf
[13:12:21] [orchestrator] Detected ATS: TRAKSTAR
[13:12:21] [orchestrator] Routing to: scripts.trakstar
[13:12:21] 
[trakstar] Starting → https://caixamagica.hire.trakstar.com/jobs/fk0zv84/?apply=true&utm_source=startup.jobs
[13:13:31] [trakstar] Filling step 1...
[13:14:32]   ✗ could not fill 'First Name' (no selector matched)
[13:14:32]   ✗ could not fill 'Last Name' (no selector matched)
[13:14:32]   ✗ could not fill 'Email' (no selector matched)
[13:14:32]   ✗ could not fill 'Phone' (no selector matched)
[13:14:32]   ✗ could not fill 'LinkedIn' (no selector matched)
[13:14:32]   ✗ could not upload 'Resume' (no selector matched)
[13:14:32] [trakstar] ❌ Error: Page.query_selector: Target page, context or browser has been closed
[13:14:32] [orchestrator] ❌ Filler raised: Page.screenshot: Target page, context or browser has been closed
